D:\xampp\htdocs\Ecommerce>git add README.md
fatal: pathspec 'README.md' did not match any files

D:\xampp\htdocs\Ecommerce>git commit -m "Add README.md with project details"
On branch master
Untracked files:
  (use "git add <file>..." to include in what will be committed)
        Ecommerce-clean/
        pages/README.md

nothing added to commit but untracked files present (use "git add" to track)

D:\xampp\htdocs\Ecommerce>git push origin master
Everything up-to-date
